/Users/carrietan/Desktop/LabOS-Sim/benchmark_code/LabOS-Sim/.venv/lib/python3.9/site-packages/urllib3/__init__.py:35: NotOpenSSLWarning: urllib3 v2 only supports OpenSSL 1.1.1+, currently the 'ssl' module is compiled with 'LibreSSL 2.8.3'. See: https://github.com/urllib3/urllib3/issues/3020
  warnings.warn(
[schema] failure_mode_classification
[data] M=1 C=8 I=80 cells=1920
[done] wrote tables to /Users/carrietan/Desktop/LabOS-Sim/benchmark_code/LabOS-Sim/design_justification/eval_design_choices/processed/gemini31pro_frames_01_frames_64
                               task          model            metric_target  n_samples  accuracy  balanced_accuracy  success_recall  failure_recall  precision  recall    f1   fpr
               vortex_closed_binary gemini_3_1_pro       binary_correctness         80     0.312              0.521             0.8           0.243      0.131   0.800 0.225 0.757
   vortex_multilabel_classification gemini_3_1_pro eight_class_primary_type         80     0.225                NaN             NaN             NaN      0.402   0.225 0.193 0.104
vortex_open_detection_strict_parser gemini_3_1_pro eight_class_primary_type         80     0.125                NaN             NaN             NaN      0.061   0.125 0.058 0.114
[done] wrote direct statistics to /Users/carrietan/Desktop/LabOS-Sim/benchmark_code/LabOS-Sim/design_justification/eval_design_choices/results/gemini31pro_frames_01_frames_64
vlm=gemini_3_1_pro parser=gpt_5_5_parser input_mode=image_frames tasks=vortex_closed_binary,vortex_multilabel_classification,vortex_open_detection_strict samples=80 (10/type)
gemini31pro_frames_01_frames_64: {"frame_count": 64, "views": ["front", "left", "right"], "tokens": 2048, "resolution": 720}
gemini31pro_frames_01_frames_32: {"frame_count": 32, "views": ["front", "left", "right"], "tokens": 2048, "resolution": 720}
[done] gemini31pro_frames_01_frames_64 / vortex_closed_binary / gemini_3_1_pro: 80/80 clips -> /Users/carrietan/Desktop/LabOS-Sim/benchmark_code/LabOS-Sim/design_justification/eval_design_choices/raw/gemini31pro_frames_01_frames_64/vortex_closed_binary/gemini_3_1_pro
[done] gemini31pro_frames_01_frames_64 / vortex_multilabel_classification / gemini_3_1_pro: 80/80 clips -> /Users/carrietan/Desktop/LabOS-Sim/benchmark_code/LabOS-Sim/design_justification/eval_design_choices/raw/gemini31pro_frames_01_frames_64/vortex_multilabel_classification/gemini_3_1_pro
[done] gemini31pro_frames_01_frames_64 / vortex_open_detection_strict / gemini_3_1_pro: 80/80 clips -> /Users/carrietan/Desktop/LabOS-Sim/benchmark_code/LabOS-Sim/design_justification/eval_design_choices/raw/gemini31pro_frames_01_frames_64/vortex_open_detection_strict/gemini_3_1_pro
[done] gemini31pro_frames_01_frames_64 / vortex_open_detection_strict_parser: parsed 80/80 rows from /Users/carrietan/Desktop/LabOS-Sim/benchmark_code/LabOS-Sim/design_justification/eval_design_choices/raw/gemini31pro_frames_01_frames_64/vortex_open_detection_strict/gemini_3_1_pro with gpt_5_5_parser -> /Users/carrietan/Desktop/LabOS-Sim/benchmark_code/LabOS-Sim/design_justification/eval_design_choices/raw/gemini31pro_frames_01_frames_64/vortex_open_detection_strict_parser/gemini_3_1_pro/gpt_5_5_parser
[WARNING] call failed (attempt 1/6): HTTPSConnectionPool(host='api.preview.arena.ai', port=443): Read timed out. (read timeout=180)
[WARNING] call failed (attempt 2/6): HTTPSConnectionPool(host='api.preview.arena.ai', port=443): Max retries exceeded with url: /v1/chat/completions (Caused by NameResolutionError("HTTPSConnection(host='api.preview.arena.ai', port=443): Failed to resolve 'api.preview.arena.ai' ([Errno 8] nodename nor servname provided, or not known)"))
[WARNING] call failed (attempt 3/6): HTTPSConnectionPool(host='api.preview.arena.ai', port=443): Max retries exceeded with url: /v1/chat/completions (Caused by NameResolutionError("HTTPSConnection(host='api.preview.arena.ai', port=443): Failed to resolve 'api.preview.arena.ai' ([Errno 8] nodename nor servname provided, or not known)"))
[WARNING] call failed (attempt 4/6): HTTPSConnectionPool(host='api.preview.arena.ai', port=443): Max retries exceeded with url: /v1/chat/completions (Caused by NameResolutionError("HTTPSConnection(host='api.preview.arena.ai', port=443): Failed to resolve 'api.preview.arena.ai' ([Errno 8] nodename nor servname provided, or not known)"))
[WARNING] call failed (attempt 5/6): HTTPSConnectionPool(host='api.preview.arena.ai', port=443): Max retries exceeded with url: /v1/chat/completions (Caused by NewConnectionError("HTTPSConnection(host='api.preview.arena.ai', port=443): Failed to establish a new connection: [Errno 61] Connection refused"))
[WARNING] call failed (attempt 6/6): HTTPSConnectionPool(host='api.preview.arena.ai', port=443): Max retries exceeded with url: /v1/chat/completions (Caused by NameResolutionError("HTTPSConnection(host='api.preview.arena.ai', port=443): Failed to resolve 'api.preview.arena.ai' ([Errno 8] nodename nor servname provided, or not known)"))
[WARNING] call failed (attempt 1/6): HTTPSConnectionPool(host='api.preview.arena.ai', port=443): Max retries exceeded with url: /v1/chat/completions (Caused by NameResolutionError("HTTPSConnection(host='api.preview.arena.ai', port=443): Failed to resolve 'api.preview.arena.ai' ([Errno 8] nodename nor servname provided, or not known)"))
[WARNING] call failed (attempt 2/6): HTTPSConnectionPool(host='api.preview.arena.ai', port=443): Max retries exceeded with url: /v1/chat/completions (Caused by NameResolutionError("HTTPSConnection(host='api.preview.arena.ai', port=443): Failed to resolve 'api.preview.arena.ai' ([Errno 8] nodename nor servname provided, or not known)"))
[WARNING] call failed (attempt 3/6): HTTPSConnectionPool(host='api.preview.arena.ai', port=443): Max retries exceeded with url: /v1/chat/completions (Caused by NameResolutionError("HTTPSConnection(host='api.preview.arena.ai', port=443): Failed to resolve 'api.preview.arena.ai' ([Errno 8] nodename nor servname provided, or not known)"))
[WARNING] call failed (attempt 2/6): HTTPSConnectionPool(host='api.preview.arena.ai', port=443): Read timed out. (read timeout=180)
[WARNING] call failed (attempt 3/6): HTTPSConnectionPool(host='api.preview.arena.ai', port=443): Max retries exceeded with url: /v1/chat/completions (Caused by NameResolutionError("HTTPSConnection(host='api.preview.arena.ai', port=443): Failed to resolve 'api.preview.arena.ai' ([Errno 8] nodename nor servname provided, or not known)"))
[WARNING] call failed (attempt 4/6): HTTPSConnectionPool(host='api.preview.arena.ai', port=443): Max retries exceeded with url: /v1/chat/completions (Caused by NameResolutionError("HTTPSConnection(host='api.preview.arena.ai', port=443): Failed to resolve 'api.preview.arena.ai' ([Errno 8] nodename nor servname provided, or not known)"))
[WARNING] call failed (attempt 4/6): HTTPSConnectionPool(host='api.preview.arena.ai', port=443): Read timed out. (read timeout=180)
[incomplete] gemini31pro_frames_01_frames_32 / vortex_closed_binary / gemini_3_1_pro: 79/80 clips succeeded; rerun the same command to retry failures -> /Users/carrietan/Desktop/LabOS-Sim/benchmark_code/LabOS-Sim/design_justification/eval_design_choices/raw/gemini31pro_frames_01_frames_32/vortex_closed_binary/gemini_3_1_pro
incomplete run: /Users/carrietan/Desktop/LabOS-Sim/benchmark_code/LabOS-Sim/design_justification/eval_design_choices/raw/gemini31pro_frames_01_frames_32/vortex_closed_binary/gemini_3_1_pro has 79/80 successful samples (1 missing). Rerun the same command to retry only failures; metrics were not generated for this incomplete condition.
/Users/carrietan/Desktop/LabOS-Sim/benchmark_code/LabOS-Sim/.venv/lib/python3.9/site-packages/urllib3/__init__.py:35: NotOpenSSLWarning: urllib3 v2 only supports OpenSSL 1.1.1+, currently the 'ssl' module is compiled with 'LibreSSL 2.8.3'. See: https://github.com/urllib3/urllib3/issues/3020
  warnings.warn(
vlm=gemini_3_1_pro parser=gpt_5_5_parser input_mode=image_frames tasks=vortex_closed_binary,vortex_multilabel_classification,vortex_open_detection_strict samples=80 (10/type)
gemini31pro_frames_01_frames_32: {"frame_count": 32, "views": ["front", "left", "right"], "tokens": 2048, "resolution": 720}
[done] gemini31pro_frames_01_frames_32 / vortex_closed_binary / gemini_3_1_pro: 80/80 clips -> /Users/carrietan/Desktop/LabOS-Sim/benchmark_code/LabOS-Sim/design_justification/eval_design_choices/raw/gemini31pro_frames_01_frames_32/vortex_closed_binary/gemini_3_1_pro
[WARNING] call failed (attempt 1/6): HTTPSConnectionPool(host='api.preview.arena.ai', port=443): Read timed out. (read timeout=180)
[WARNING] call failed (attempt 1/6): ('Connection aborted.', ConnectionResetError(54, 'Connection reset by peer'))
[WARNING] call failed (attempt 1/6): ('Connection aborted.', ConnectionResetError(54, 'Connection reset by peer'))
[WARNING] call failed (attempt 2/6): ('Connection aborted.', ConnectionResetError(54, 'Connection reset by peer'))
[WARNING] call failed (attempt 1/6): ('Connection aborted.', ConnectionResetError(54, 'Connection reset by peer'))
[WARNING] call failed (attempt 3/6): HTTPSConnectionPool(host='api.preview.arena.ai', port=443): Read timed out. (read timeout=180)
[WARNING] call failed (attempt 1/6): HTTPSConnectionPool(host='api.preview.arena.ai', port=443): Read timed out. (read timeout=180)
[WARNING] call failed (attempt 4/6): HTTPSConnectionPool(host='api.preview.arena.ai', port=443): Read timed out. (read timeout=180)
[WARNING] call failed (attempt 1/6): HTTPSConnectionPool(host='api.preview.arena.ai', port=443): Read timed out. (read timeout=180)
[WARNING] call failed (attempt 6/6): HTTPSConnectionPool(host='api.preview.arena.ai', port=443): Read timed out. (read timeout=180)
[WARNING] call failed (attempt 2/6): ('Connection aborted.', ConnectionResetError(54, 'Connection reset by peer'))
[WARNING] call failed (attempt 3/6): ('Connection aborted.', ConnectionResetError(54, 'Connection reset by peer'))
[WARNING] call failed (attempt 1/6): ('Connection aborted.', ConnectionResetError(54, 'Connection reset by peer'))
[WARNING] call failed (attempt 2/6): ('Connection aborted.', ConnectionResetError(54, 'Connection reset by peer'))
[WARNING] call failed (attempt 3/6): ('Connection aborted.', ConnectionResetError(54, 'Connection reset by peer'))
[WARNING] call failed (attempt 4/6): ('Connection aborted.', ConnectionResetError(54, 'Connection reset by peer'))
[WARNING] call failed (attempt 1/6): HTTPSConnectionPool(host='api.preview.arena.ai', port=443): Read timed out. (read timeout=180)
[WARNING] call failed (attempt 5/6): ('Connection aborted.', ConnectionResetError(54, 'Connection reset by peer'))
[WARNING] call failed (attempt 2/6): ('Connection aborted.', ConnectionResetError(54, 'Connection reset by peer'))
[WARNING] call failed (attempt 3/6): ('Connection aborted.', ConnectionResetError(54, 'Connection reset by peer'))
[WARNING] call failed (attempt 6/6): ('Connection aborted.', ConnectionResetError(54, 'Connection reset by peer'))
[WARNING] call failed (attempt 1/6): 400 Client Error: Bad Request for url: https://api.preview.arena.ai/v1/chat/completions
[WARNING] call failed (attempt 2/6): ('Connection aborted.', ConnectionResetError(54, 'Connection reset by peer'))
[WARNING] call failed (attempt 1/6): ('Connection aborted.', ConnectionResetError(54, 'Connection reset by peer'))
[WARNING] call failed (attempt 4/6): HTTPSConnectionPool(host='api.preview.arena.ai', port=443): Read timed out. (read timeout=180)
[WARNING] call failed (attempt 6/6): ('Connection aborted.', ConnectionResetError(54, 'Connection reset by peer'))
[WARNING] call failed (attempt 1/6): ('Connection aborted.', ConnectionResetError(54, 'Connection reset by peer'))
[WARNING] call failed (attempt 1/6): HTTPSConnectionPool(host='api.preview.arena.ai', port=443): Read timed out. (read timeout=180)
[WARNING] call failed (attempt 2/6): ('Connection aborted.', ConnectionResetError(54, 'Connection reset by peer'))
[WARNING] call failed (attempt 2/6): HTTPSConnectionPool(host='api.preview.arena.ai', port=443): Read timed out. (read timeout=180)
[WARNING] call failed (attempt 1/6): HTTPSConnectionPool(host='api.preview.arena.ai', port=443): Read timed out. (read timeout=180)
[WARNING] call failed (attempt 3/6): HTTPSConnectionPool(host='api.preview.arena.ai', port=443): Read timed out. (read timeout=180)
[WARNING] call failed (attempt 4/6): ('Connection aborted.', ConnectionResetError(54, 'Connection reset by peer'))
[incomplete] gemini31pro_frames_01_frames_32 / vortex_multilabel_classification / gemini_3_1_pro: 77/80 clips succeeded; rerun the same command to retry failures -> /Users/carrietan/Desktop/LabOS-Sim/benchmark_code/LabOS-Sim/design_justification/eval_design_choices/raw/gemini31pro_frames_01_frames_32/vortex_multilabel_classification/gemini_3_1_pro
incomplete run: /Users/carrietan/Desktop/LabOS-Sim/benchmark_code/LabOS-Sim/design_justification/eval_design_choices/raw/gemini31pro_frames_01_frames_32/vortex_multilabel_classification/gemini_3_1_pro has 77/80 successful samples (3 missing). Rerun the same command to retry only failures; metrics were not generated for this incomplete condition.
=== resume attempt 1 22:19:21 ===
/Users/carrietan/Desktop/LabOS-Sim/benchmark_code/LabOS-Sim/.venv/lib/python3.9/site-packages/urllib3/__init__.py:35: NotOpenSSLWarning: urllib3 v2 only supports OpenSSL 1.1.1+, currently the 'ssl' module is compiled with 'LibreSSL 2.8.3'. See: https://github.com/urllib3/urllib3/issues/3020
  warnings.warn(
vlm=gemini_3_1_pro parser=gpt_5_5_parser input_mode=image_frames tasks=vortex_closed_binary,vortex_multilabel_classification,vortex_open_detection_strict samples=80 (10/type)
gemini31pro_frames_01_frames_32: {"frame_count": 32, "views": ["front", "left", "right"], "tokens": 2048, "resolution": 720}
[done] gemini31pro_frames_01_frames_32 / vortex_closed_binary / gemini_3_1_pro: 80/80 clips -> /Users/carrietan/Desktop/LabOS-Sim/benchmark_code/LabOS-Sim/design_justification/eval_design_choices/raw/gemini31pro_frames_01_frames_32/vortex_closed_binary/gemini_3_1_pro
[done] gemini31pro_frames_01_frames_32 / vortex_multilabel_classification / gemini_3_1_pro: 80/80 clips -> /Users/carrietan/Desktop/LabOS-Sim/benchmark_code/LabOS-Sim/design_justification/eval_design_choices/raw/gemini31pro_frames_01_frames_32/vortex_multilabel_classification/gemini_3_1_pro
[WARNING] call failed (attempt 1/6): HTTPSConnectionPool(host='api.preview.arena.ai', port=443): Max retries exceeded with url: /v1/chat/completions (Caused by NameResolutionError("HTTPSConnection(host='api.preview.arena.ai', port=443): Failed to resolve 'api.preview.arena.ai' ([Errno 8] nodename nor servname provided, or not known)"))
[WARNING] call failed (attempt 2/6): HTTPSConnectionPool(host='api.preview.arena.ai', port=443): Max retries exceeded with url: /v1/chat/completions (Caused by NameResolutionError("HTTPSConnection(host='api.preview.arena.ai', port=443): Failed to resolve 'api.preview.arena.ai' ([Errno 8] nodename nor servname provided, or not known)"))
[WARNING] call failed (attempt 3/6): HTTPSConnectionPool(host='api.preview.arena.ai', port=443): Max retries exceeded with url: /v1/chat/completions (Caused by NameResolutionError("HTTPSConnection(host='api.preview.arena.ai', port=443): Failed to resolve 'api.preview.arena.ai' ([Errno 8] nodename nor servname provided, or not known)"))
[WARNING] call failed (attempt 4/6): HTTPSConnectionPool(host='api.preview.arena.ai', port=443): Max retries exceeded with url: /v1/chat/completions (Caused by NameResolutionError("HTTPSConnection(host='api.preview.arena.ai', port=443): Failed to resolve 'api.preview.arena.ai' ([Errno 8] nodename nor servname provided, or not known)"))
[WARNING] call failed (attempt 1/6): HTTPSConnectionPool(host='api.preview.arena.ai', port=443): Read timed out. (read timeout=180)
[WARNING] call failed (attempt 1/6): ('Connection aborted.', ConnectionResetError(54, 'Connection reset by peer'))
[schema] failure_mode_classification
[data] M=1 C=8 I=80 cells=1920
[done] wrote tables to /Users/carrietan/Desktop/LabOS-Sim/benchmark_code/LabOS-Sim/design_justification/eval_design_choices/processed/gemini31pro_frames_01_frames_32
                               task          model            metric_target  n_samples  accuracy  balanced_accuracy  success_recall  failure_recall  precision  recall    f1   fpr
               vortex_closed_binary gemini_3_1_pro       binary_correctness         80     0.362               0.55             0.8             0.3      0.140   0.800 0.239 0.700
   vortex_multilabel_classification gemini_3_1_pro eight_class_primary_type         80     0.238                NaN             NaN             NaN      0.328   0.238 0.224 0.104
vortex_open_detection_strict_parser gemini_3_1_pro eight_class_primary_type         80     0.200                NaN             NaN             NaN      0.389   0.200 0.127 0.107
[done] wrote direct statistics to /Users/carrietan/Desktop/LabOS-Sim/benchmark_code/LabOS-Sim/design_justification/eval_design_choices/results/gemini31pro_frames_01_frames_32
                         run_id                                task          model  calls  total_cost_usd  input_tokens  output_tokens
gemini31pro_frames_01_frames_32    vortex_multilabel_classification gemini_3_1_pro     83       19.665470       9545220         106724
gemini31pro_frames_01_frames_32                vortex_closed_binary gemini_3_1_pro     81       18.311893       8852256          65316
gemini31pro_frames_01_frames_32        vortex_open_detection_strict gemini_3_1_pro     80       17.883112       8436560          84166
gemini31pro_frames_01_frames_32 vortex_open_detection_strict_parser gpt_5_5_parser     80        0.758150        113800           6305
[cost] grand total: $56.6186 across 324 calls
[done] gemini31pro_frames_01_frames_32 / vortex_open_detection_strict / gemini_3_1_pro: 80/80 clips -> /Users/carrietan/Desktop/LabOS-Sim/benchmark_code/LabOS-Sim/design_justification/eval_design_choices/raw/gemini31pro_frames_01_frames_32/vortex_open_detection_strict/gemini_3_1_pro
[done] gemini31pro_frames_01_frames_32 / vortex_open_detection_strict_parser: parsed 80/80 rows from /Users/carrietan/Desktop/LabOS-Sim/benchmark_code/LabOS-Sim/design_justification/eval_design_choices/raw/gemini31pro_frames_01_frames_32/vortex_open_detection_strict/gemini_3_1_pro with gpt_5_5_parser -> /Users/carrietan/Desktop/LabOS-Sim/benchmark_code/LabOS-Sim/design_justification/eval_design_choices/raw/gemini31pro_frames_01_frames_32/vortex_open_detection_strict_parser/gemini_3_1_pro/gpt_5_5_parser
raw: /Users/carrietan/Desktop/LabOS-Sim/benchmark_code/LabOS-Sim/design_justification/eval_design_choices/raw
metrics: /Users/carrietan/Desktop/LabOS-Sim/benchmark_code/LabOS-Sim/design_justification/eval_design_choices/results
