/Users/carrietan/Desktop/LabOS-Sim/benchmark_code/LabOS-Sim/.venv/lib/python3.9/site-packages/urllib3/__init__.py:35: NotOpenSSLWarning: urllib3 v2 only supports OpenSSL 1.1.1+, currently the 'ssl' module is compiled with 'LibreSSL 2.8.3'. See: https://github.com/urllib3/urllib3/issues/3020
  warnings.warn(
/Users/carrietan/Desktop/LabOS-Sim/benchmark_code/LabOS-Sim/.venv/lib/python3.9/site-packages/urllib3/__init__.py:35: NotOpenSSLWarning: urllib3 v2 only supports OpenSSL 1.1.1+, currently the 'ssl' module is compiled with 'LibreSSL 2.8.3'. See: https://github.com/urllib3/urllib3/issues/3020
  warnings.warn(
[schema] failure_mode_classification
[data] M=1 C=7 I=80 cells=560
[done] wrote tables to /Users/carrietan/Desktop/LabOS-Sim/benchmark_code/LabOS-Sim/design_justification/prompt_ablation_v2/runs/processed/promptabl2_gemini_3_flash_p1_b
Traceback (most recent call last):
  File "/Users/carrietan/Desktop/LabOS-Sim/benchmark_code/LabOS-Sim/scripts/results_rendering/report_stats.py", line 196, in <module>
    main()
  File "/Users/carrietan/Desktop/LabOS-Sim/benchmark_code/LabOS-Sim/scripts/results_rendering/report_stats.py", line 161, in main
    outcome_df = per_model_outcome(long, subtype_df, group_cols)
  File "/Users/carrietan/Desktop/LabOS-Sim/benchmark_code/LabOS-Sim/scripts/results_rendering/report_stats.py", line 96, in per_model_outcome
    sub = sub[sub[col] == val]
  File "/Users/carrietan/Desktop/LabOS-Sim/benchmark_code/LabOS-Sim/.venv/lib/python3.9/site-packages/pandas/core/frame.py", line 4113, in __getitem__
    indexer = self.columns.get_loc(key)
  File "/Users/carrietan/Desktop/LabOS-Sim/benchmark_code/LabOS-Sim/.venv/lib/python3.9/site-packages/pandas/core/indexes/range.py", line 417, in get_loc
    raise KeyError(key)
KeyError: 'task'
vlm=gemini_3_flash provider=arena parser=gpt_5_5_parser condition={"frame_count": 128, "views": ["front", "left", "right"], "tokens": 2048, "resolution": 720} samples=80
estimated VLM cost: 5 arm(s) x ~$35 = ~$175 (80-clip basis; scale down for --limit)
promptabl2_gemini_3_flash_p1_b: vortex_closed_binary cand=B [VLM] prompt=prompts/ (committed baseline)
promptabl2_gemini_3_flash_p2_b: vortex_multilabel_classification cand=B [VLM] prompt=prompts/ (committed baseline)
promptabl2_gemini_3_flash_p1_v1: vortex_closed_binary cand=V1 [VLM] prompt=design_justification/prompt_ablation/variants/closed_binary/V1/p1_closed_binary.md
promptabl2_gemini_3_flash_p2_v1: vortex_multilabel_classification cand=V1 [VLM] prompt=design_justification/prompt_ablation/variants/multilabel_classification/V1/p2_multilabel_classification.md
promptabl2_gemini_3_flash_p2_v2: vortex_multilabel_classification cand=V2 [VLM] prompt=design_justification/prompt_ablation/variants/multilabel_classification/V2/p2_multilabel_classification.md
promptabl2_gemini_3_flash_p5_v2: vortex_open_detection_strict_parser cand=V2 [parser-only] prompt=design_justification/prompt_ablation/variants/open_detection_strict_parser/V2/p5_open_detection_strict_parser.md
[done] promptabl2_gemini_3_flash_p1_b / vortex_closed_binary / gemini_3_flash: 80/80 clips -> /Users/carrietan/Desktop/LabOS-Sim/benchmark_code/LabOS-Sim/design_justification/prompt_ablation_v2/runs/raw/promptabl2_gemini_3_flash_p1_b/vortex_closed_binary/gemini_3_flash
Traceback (most recent call last):
  File "/Users/carrietan/Desktop/LabOS-Sim/benchmark_code/LabOS-Sim/design_justification/prompt_ablation_v2/run_experiment.py", line 389, in <module>
    main()
  File "/Users/carrietan/Desktop/LabOS-Sim/benchmark_code/LabOS-Sim/design_justification/prompt_ablation_v2/run_experiment.py", line 368, in main
    process_metrics(run_id)
  File "/Users/carrietan/Desktop/LabOS-Sim/benchmark_code/LabOS-Sim/design_justification/prompt_ablation_v2/run_experiment.py", line 259, in process_metrics
    subprocess.run([
  File "/Library/Developer/CommandLineTools/Library/Frameworks/Python3.framework/Versions/3.9/lib/python3.9/subprocess.py", line 528, in run
    raise CalledProcessError(retcode, process.args,
subprocess.CalledProcessError: Command '['/Users/carrietan/Desktop/LabOS-Sim/benchmark_code/LabOS-Sim/.venv/bin/python', 'scripts/results_rendering/report_stats.py', '--table', '/Users/carrietan/Desktop/LabOS-Sim/benchmark_code/LabOS-Sim/design_justification/prompt_ablation_v2/runs/processed/promptabl2_gemini_3_flash_p1_b/detections_long.csv', '--by-task', '--outdir', '/Users/carrietan/Desktop/LabOS-Sim/benchmark_code/LabOS-Sim/design_justification/prompt_ablation_v2/runs/results/promptabl2_gemini_3_flash_p1_b']' returned non-zero exit status 1.
/Users/carrietan/Desktop/LabOS-Sim/benchmark_code/LabOS-Sim/.venv/lib/python3.9/site-packages/urllib3/__init__.py:35: NotOpenSSLWarning: urllib3 v2 only supports OpenSSL 1.1.1+, currently the 'ssl' module is compiled with 'LibreSSL 2.8.3'. See: https://github.com/urllib3/urllib3/issues/3020
  warnings.warn(
[schema] failure_mode_classification
[data] M=1 C=7 I=80 cells=560
[done] wrote tables to /Users/carrietan/Desktop/LabOS-Sim/benchmark_code/LabOS-Sim/design_justification/prompt_ablation_v2/runs/processed/promptabl2_gemini_3_flash_p1_b
                task          model      metric_target  n_samples  accuracy  balanced_accuracy  success_recall  failure_recall  precision  recall    f1   fpr
vortex_closed_binary gemini_3_flash binary_correctness         80      0.15              0.514             1.0           0.029      0.128     1.0 0.227 0.971
[done] wrote direct statistics to /Users/carrietan/Desktop/LabOS-Sim/benchmark_code/LabOS-Sim/design_justification/prompt_ablation_v2/runs/results/promptabl2_gemini_3_flash_p1_b
[schema] failure_mode_classification
[data] M=1 C=8 I=80 cells=640
[done] wrote tables to /Users/carrietan/Desktop/LabOS-Sim/benchmark_code/LabOS-Sim/design_justification/prompt_ablation_v2/runs/processed/promptabl2_gemini_3_flash_p2_b
                            task          model            metric_target  n_samples  accuracy  balanced_accuracy  success_recall  failure_recall  precision  recall    f1   fpr
vortex_multilabel_classification gemini_3_flash eight_class_primary_type         80     0.175                NaN             NaN             NaN      0.184   0.175 0.115 0.111
[done] wrote direct statistics to /Users/carrietan/Desktop/LabOS-Sim/benchmark_code/LabOS-Sim/design_justification/prompt_ablation_v2/runs/results/promptabl2_gemini_3_flash_p2_b
[schema] failure_mode_classification
[data] M=1 C=7 I=80 cells=560
[done] wrote tables to /Users/carrietan/Desktop/LabOS-Sim/benchmark_code/LabOS-Sim/design_justification/prompt_ablation_v2/runs/processed/promptabl2_gemini_3_flash_p1_v1
                task          model      metric_target  n_samples  accuracy  balanced_accuracy  success_recall  failure_recall  precision  recall    f1  fpr
vortex_closed_binary gemini_3_flash binary_correctness         80     0.125                0.5             1.0             0.0      0.125     1.0 0.222  1.0
[done] wrote direct statistics to /Users/carrietan/Desktop/LabOS-Sim/benchmark_code/LabOS-Sim/design_justification/prompt_ablation_v2/runs/results/promptabl2_gemini_3_flash_p1_v1
[schema] failure_mode_classification
[data] M=1 C=8 I=80 cells=640
[done] wrote tables to /Users/carrietan/Desktop/LabOS-Sim/benchmark_code/LabOS-Sim/design_justification/prompt_ablation_v2/runs/processed/promptabl2_gemini_3_flash_p2_v1
                            task          model            metric_target  n_samples  accuracy  balanced_accuracy  success_recall  failure_recall  precision  recall    f1   fpr
vortex_multilabel_classification gemini_3_flash eight_class_primary_type         80     0.162                NaN             NaN             NaN       0.21   0.163 0.109 0.111
[done] wrote direct statistics to /Users/carrietan/Desktop/LabOS-Sim/benchmark_code/LabOS-Sim/design_justification/prompt_ablation_v2/runs/results/promptabl2_gemini_3_flash_p2_v1
vlm=gemini_3_flash provider=arena parser=gpt_5_5_parser condition={"frame_count": 128, "views": ["front", "left", "right"], "tokens": 2048, "resolution": 720} samples=80
estimated VLM cost: 5 arm(s) x ~$35 = ~$175 (80-clip basis; scale down for --limit)
promptabl2_gemini_3_flash_p1_b: vortex_closed_binary cand=B [VLM] prompt=prompts/ (committed baseline)
promptabl2_gemini_3_flash_p2_b: vortex_multilabel_classification cand=B [VLM] prompt=prompts/ (committed baseline)
promptabl2_gemini_3_flash_p1_v1: vortex_closed_binary cand=V1 [VLM] prompt=design_justification/prompt_ablation/variants/closed_binary/V1/p1_closed_binary.md
promptabl2_gemini_3_flash_p2_v1: vortex_multilabel_classification cand=V1 [VLM] prompt=design_justification/prompt_ablation/variants/multilabel_classification/V1/p2_multilabel_classification.md
promptabl2_gemini_3_flash_p2_v2: vortex_multilabel_classification cand=V2 [VLM] prompt=design_justification/prompt_ablation/variants/multilabel_classification/V2/p2_multilabel_classification.md
promptabl2_gemini_3_flash_p5_v2: vortex_open_detection_strict_parser cand=V2 [parser-only] prompt=design_justification/prompt_ablation/variants/open_detection_strict_parser/V2/p5_open_detection_strict_parser.md
[done] promptabl2_gemini_3_flash_p1_b / vortex_closed_binary / gemini_3_flash: 80/80 clips -> /Users/carrietan/Desktop/LabOS-Sim/benchmark_code/LabOS-Sim/design_justification/prompt_ablation_v2/runs/raw/promptabl2_gemini_3_flash_p1_b/vortex_closed_binary/gemini_3_flash
[done] promptabl2_gemini_3_flash_p2_b / vortex_multilabel_classification / gemini_3_flash: 80/80 clips -> /Users/carrietan/Desktop/LabOS-Sim/benchmark_code/LabOS-Sim/design_justification/prompt_ablation_v2/runs/raw/promptabl2_gemini_3_flash_p2_b/vortex_multilabel_classification/gemini_3_flash
[done] promptabl2_gemini_3_flash_p1_v1 / vortex_closed_binary / gemini_3_flash: 80/80 clips -> /Users/carrietan/Desktop/LabOS-Sim/benchmark_code/LabOS-Sim/design_justification/prompt_ablation_v2/runs/raw/promptabl2_gemini_3_flash_p1_v1/vortex_closed_binary/gemini_3_flash
[done] promptabl2_gemini_3_flash_p2_v1 / vortex_multilabel_classification / gemini_3_flash: 80/80 clips -> /Users/carrietan/Desktop/LabOS-Sim/benchmark_code/LabOS-Sim/design_justification/prompt_ablation_v2/runs/raw/promptabl2_gemini_3_flash_p2_v1/vortex_multilabel_classification/gemini_3_flash
[WARNING] call failed (attempt 1/6): HTTPSConnectionPool(host='api.preview.arena.ai', port=443): Read timed out. (read timeout=180)
[schema] failure_mode_classification
[data] M=1 C=8 I=80 cells=640
[done] wrote tables to /Users/carrietan/Desktop/LabOS-Sim/benchmark_code/LabOS-Sim/design_justification/prompt_ablation_v2/runs/processed/promptabl2_gemini_3_flash_p2_v2
                            task          model            metric_target  n_samples  accuracy  balanced_accuracy  success_recall  failure_recall  precision  recall    f1   fpr
vortex_multilabel_classification gemini_3_flash eight_class_primary_type         80     0.212                NaN             NaN             NaN      0.247   0.213 0.142 0.107
[done] wrote direct statistics to /Users/carrietan/Desktop/LabOS-Sim/benchmark_code/LabOS-Sim/design_justification/prompt_ablation_v2/runs/results/promptabl2_gemini_3_flash_p2_v2
[schema] failure_mode_classification
[data] M=1 C=8 I=80 cells=640
[done] wrote tables to /Users/carrietan/Desktop/LabOS-Sim/benchmark_code/LabOS-Sim/design_justification/prompt_ablation_v2/runs/processed/promptabl2_gemini_3_flash_p5_v2
                               task          model            metric_target  n_samples  accuracy  balanced_accuracy  success_recall  failure_recall  precision  recall    f1   fpr
vortex_open_detection_strict_parser gemini_3_1_pro eight_class_primary_type         80     0.188                NaN             NaN             NaN      0.084   0.188 0.082 0.112
[done] wrote direct statistics to /Users/carrietan/Desktop/LabOS-Sim/benchmark_code/LabOS-Sim/design_justification/prompt_ablation_v2/runs/results/promptabl2_gemini_3_flash_p5_v2
                         run_id                                task          model  calls  total_cost_usd  input_tokens  output_tokens
 promptabl2_gemini_3_flash_p2_b    vortex_multilabel_classification gemini_3_flash     81       18.373543      36167902         346673
promptabl2_gemini_3_flash_p2_v1    vortex_multilabel_classification gemini_3_flash     80       17.333132      33632560         172284
promptabl2_gemini_3_flash_p2_v2    vortex_multilabel_classification gemini_3_flash     80       17.316673      33632720         166771
 promptabl2_gemini_3_flash_p1_b                vortex_closed_binary gemini_3_flash     80       16.932663      33590640          45781
promptabl2_gemini_3_flash_p1_v1                vortex_closed_binary gemini_3_flash     80       16.829351      33590160          73959
promptabl2_gemini_3_flash_p5_v2 vortex_open_detection_strict_parser gpt_5_5_parser     80        0.612005         85939           6077
[cost] grand total: $87.3974 across 481 calls
[done] promptabl2_gemini_3_flash_p2_v2 / vortex_multilabel_classification / gemini_3_flash: 80/80 clips -> /Users/carrietan/Desktop/LabOS-Sim/benchmark_code/LabOS-Sim/design_justification/prompt_ablation_v2/runs/raw/promptabl2_gemini_3_flash_p2_v2/vortex_multilabel_classification/gemini_3_flash
[done] promptabl2_gemini_3_flash_p5_v2 / vortex_open_detection_strict_parser: parsed 80/80 rows from /Users/carrietan/Desktop/LabOS-Sim/benchmark_code/LabOS-Sim/design_justification/eval_design_choices/raw/gemini31pro_multiframe_design_02_baseline_f128_views3_tok2048_res720/vortex_open_detection_strict/gemini_3_1_pro with gpt_5_5_parser -> /Users/carrietan/Desktop/LabOS-Sim/benchmark_code/LabOS-Sim/design_justification/prompt_ablation_v2/runs/raw/promptabl2_gemini_3_flash_p5_v2/vortex_open_detection_strict_parser/gemini_3_1_pro/gpt_5_5_parser
raw: /Users/carrietan/Desktop/LabOS-Sim/benchmark_code/LabOS-Sim/design_justification/prompt_ablation_v2/runs/raw
results: /Users/carrietan/Desktop/LabOS-Sim/benchmark_code/LabOS-Sim/design_justification/prompt_ablation_v2/runs/results
Compare against the committed B arm: ../eval_design_choices/results/gemini31pro_multiframe_design_02_baseline_f128_views3_tok2048_res720/
